// Jest Snapshot v1, https://goo.gl/fbAQLP

exports[`should render the card component without a pokemon object 1`] = `
<View
  accessibilityState={
    {
      "busy": undefined,
      "checked": undefined,
      "disabled": undefined,
      "expanded": undefined,
      "selected": undefined,
    }
  }
  accessibilityValue={
    {
      "max": undefined,
      "min": undefined,
      "now": undefined,
      "text": undefined,
    }
  }
  accessible={true}
  collapsable={false}
  focusable={true}
  onClick={[Function]}
  onResponderGrant={[Function]}
  onResponderMove={[Function]}
  onResponderRelease={[Function]}
  onResponderTerminate={[Function]}
  onResponderTerminationRequest={[Function]}
  onStartShouldSetResponder={[Function]}
  style={
    {
      "backgroundColor": "#f0f0f0",
      "borderColor": "#7a7a7a",
      "borderRadius": 10,
      "borderWidth": 1,
      "elevation": 3,
      "flex": 1,
      "margin": 5,
      "maxHeight": 210,
      "opacity": 1,
      "overflow": "hidden",
      "shadowColor": "#000",
      "shadowOffset": {
        "height": 2,
        "width": 0,
      },
      "shadowOpacity": 0.25,
      "shadowRadius": 3.84,
    }
  }
>
  <Image
    source={
      {
        "uri": "https://pokeapi.co/media/sprites/pokemon/25.png",
      }
    }
    style={
      {
        "backgroundColor": "#b9b8ae",
        "height": 150,
        "resizeMode": "contain",
        "width": "100%",
      }
    }
  />
  <Text
    style={
      {
        "color": "#333",
        "fontSize": 18,
        "fontWeight": "bold",
        "marginTop": 3,
        "textAlign": "center",
      }
    }
  >
    Pikachu
  </Text>
  <View
    style={
      {
        "padding": 10,
      }
    }
  >
    <Text
      style={
        {
          "color": "#555",
          "fontSize": 14,
          "textAlign": "center",
        }
      }
    >
      #
      25
    </Text>
  </View>
</View>
`;
